// Jest Snapshot v1, https://goo.gl/fbAQLP

exports[`renders correctly 1`] = `
<div
  className="sc-bdVaJa ezQdGw"
>
  <div>
    <div
      className="panel sc-htpNat hReNur"
      data-index={0}
      data-last={true}
      onAnimationEnd={[Function]}
      style={
        Object {
          "backgroundColor": "AliceBlue",
          "color": "#000",
          "filter": "brightness(1)",
          "left": "0%",
          "width": "100%",
        }
      }
    >
      <div
        className="sc-bwzfXH iJWRcF"
      >
        <div
          style={
            Object {
              "padding": "1em",
            }
          }
        >
          <h1>
            Recursive Panels
          </h1>
          <p>
            via component state
          </p>
          <p>
            <a
              href="/"
            >
              Back to examples
            </a>
          </p>
          <p>
            <button
              onClick={[Function]}
            >
              Show
               next
            </button>
          </p>
          <article
            className="sc-bxivhb fjSMhg"
          >
            <p>
              Sit nulla est ex deserunt exercitation anim occaecat. Nostrud ullamco deserunt aute id consequat veniam incididunt duis in sint irure nisi. Mollit officia cillum Lorem ullamco minim nostrud elit officia tempor esse quis.
            </p>
            <p>
              Sunt ad dolore quis aute consequat. Magna exercitation reprehenderit magna aute tempor cupidatat consequat elit dolor adipisicing. Mollit dolor eiusmod sunt ex incididunt cillum quis. Velit duis sit officia eiusmod Lorem aliqua enim laboris do dolor eiusmod. Et mollit incididunt nisi consectetur esse laborum eiusmod pariatur proident Lorem eiusmod et. Culpa deserunt nostrud ad veniam.
            </p>
            <p>
              Sit nulla est ex deserunt exercitation anim occaecat. Nostrud ullamco deserunt aute id consequat veniam incididunt duis in sint irure nisi. Mollit officia cillum Lorem ullamco minim nostrud elit officia tempor esse quis.
            </p>
            <p>
              Sunt ad dolore quis aute consequat. Magna exercitation reprehenderit magna aute tempor cupidatat consequat elit dolor adipisicing. Mollit dolor eiusmod sunt ex incididunt cillum quis. Velit duis sit officia eiusmod Lorem aliqua enim laboris do dolor eiusmod. Et mollit incididunt nisi consectetur esse laborum eiusmod pariatur proident Lorem eiusmod et. Culpa deserunt nostrud ad veniam.
            </p>
            <p>
              Sit nulla est ex deserunt exercitation anim occaecat. Nostrud ullamco deserunt aute id consequat veniam incididunt duis in sint irure nisi. Mollit officia cillum Lorem ullamco minim nostrud elit officia tempor esse quis.
            </p>
            <p>
              Sunt ad dolore quis aute consequat. Magna exercitation reprehenderit magna aute tempor cupidatat consequat elit dolor adipisicing. Mollit dolor eiusmod sunt ex incididunt cillum quis. Velit duis sit officia eiusmod Lorem aliqua enim laboris do dolor eiusmod. Et mollit incididunt nisi consectetur esse laborum eiusmod pariatur proident Lorem eiusmod et. Culpa deserunt nostrud ad veniam.
            </p>
            <p>
              Sit nulla est ex deserunt exercitation anim occaecat. Nostrud ullamco deserunt aute id consequat veniam incididunt duis in sint irure nisi. Mollit officia cillum Lorem ullamco minim nostrud elit officia tempor esse quis.
            </p>
            <p>
              Sunt ad dolore quis aute consequat. Magna exercitation reprehenderit magna aute tempor cupidatat consequat elit dolor adipisicing. Mollit dolor eiusmod sunt ex incididunt cillum quis. Velit duis sit officia eiusmod Lorem aliqua enim laboris do dolor eiusmod. Et mollit incididunt nisi consectetur esse laborum eiusmod pariatur proident Lorem eiusmod et. Culpa deserunt nostrud ad veniam.
            </p>
            <p>
              Sit nulla est ex deserunt exercitation anim occaecat. Nostrud ullamco deserunt aute id consequat veniam incididunt duis in sint irure nisi. Mollit officia cillum Lorem ullamco minim nostrud elit officia tempor esse quis.
            </p>
            <p>
              Sunt ad dolore quis aute consequat. Magna exercitation reprehenderit magna aute tempor cupidatat consequat elit dolor adipisicing. Mollit dolor eiusmod sunt ex incididunt cillum quis. Velit duis sit officia eiusmod Lorem aliqua enim laboris do dolor eiusmod. Et mollit incididunt nisi consectetur esse laborum eiusmod pariatur proident Lorem eiusmod et. Culpa deserunt nostrud ad veniam.
            </p>
            <p>
              Sit nulla est ex deserunt exercitation anim occaecat. Nostrud ullamco deserunt aute id consequat veniam incididunt duis in sint irure nisi. Mollit officia cillum Lorem ullamco minim nostrud elit officia tempor esse quis.
            </p>
            <p>
              Sunt ad dolore quis aute consequat. Magna exercitation reprehenderit magna aute tempor cupidatat consequat elit dolor adipisicing. Mollit dolor eiusmod sunt ex incididunt cillum quis. Velit duis sit officia eiusmod Lorem aliqua enim laboris do dolor eiusmod. Et mollit incididunt nisi consectetur esse laborum eiusmod pariatur proident Lorem eiusmod et. Culpa deserunt nostrud ad veniam.
            </p>
            <p>
              Sit nulla est ex deserunt exercitation anim occaecat. Nostrud ullamco deserunt aute id consequat veniam incididunt duis in sint irure nisi. Mollit officia cillum Lorem ullamco minim nostrud elit officia tempor esse quis.
            </p>
            <p>
              Sunt ad dolore quis aute consequat. Magna exercitation reprehenderit magna aute tempor cupidatat consequat elit dolor adipisicing. Mollit dolor eiusmod sunt ex incididunt cillum quis. Velit duis sit officia eiusmod Lorem aliqua enim laboris do dolor eiusmod. Et mollit incididunt nisi consectetur esse laborum eiusmod pariatur proident Lorem eiusmod et. Culpa deserunt nostrud ad veniam.
            </p>
            <p>
              Sit nulla est ex deserunt exercitation anim occaecat. Nostrud ullamco deserunt aute id consequat veniam incididunt duis in sint irure nisi. Mollit officia cillum Lorem ullamco minim nostrud elit officia tempor esse quis.
            </p>
            <p>
              Sunt ad dolore quis aute consequat. Magna exercitation reprehenderit magna aute tempor cupidatat consequat elit dolor adipisicing. Mollit dolor eiusmod sunt ex incididunt cillum quis. Velit duis sit officia eiusmod Lorem aliqua enim laboris do dolor eiusmod. Et mollit incididunt nisi consectetur esse laborum eiusmod pariatur proident Lorem eiusmod et. Culpa deserunt nostrud ad veniam.
            </p>
            <p>
              Sit nulla est ex deserunt exercitation anim occaecat. Nostrud ullamco deserunt aute id consequat veniam incididunt duis in sint irure nisi. Mollit officia cillum Lorem ullamco minim nostrud elit officia tempor esse quis.
            </p>
            <p>
              Sunt ad dolore quis aute consequat. Magna exercitation reprehenderit magna aute tempor cupidatat consequat elit dolor adipisicing. Mollit dolor eiusmod sunt ex incididunt cillum quis. Velit duis sit officia eiusmod Lorem aliqua enim laboris do dolor eiusmod. Et mollit incididunt nisi consectetur esse laborum eiusmod pariatur proident Lorem eiusmod et. Culpa deserunt nostrud ad veniam.
            </p>
            <p>
              Sit nulla est ex deserunt exercitation anim occaecat. Nostrud ullamco deserunt aute id consequat veniam incididunt duis in sint irure nisi. Mollit officia cillum Lorem ullamco minim nostrud elit officia tempor esse quis.
            </p>
            <p>
              Sunt ad dolore quis aute consequat. Magna exercitation reprehenderit magna aute tempor cupidatat consequat elit dolor adipisicing. Mollit dolor eiusmod sunt ex incididunt cillum quis. Velit duis sit officia eiusmod Lorem aliqua enim laboris do dolor eiusmod. Et mollit incididunt nisi consectetur esse laborum eiusmod pariatur proident Lorem eiusmod et. Culpa deserunt nostrud ad veniam.
            </p>
            <p>
              Sit nulla est ex deserunt exercitation anim occaecat. Nostrud ullamco deserunt aute id consequat veniam incididunt duis in sint irure nisi. Mollit officia cillum Lorem ullamco minim nostrud elit officia tempor esse quis.
            </p>
            <p>
              Sunt ad dolore quis aute consequat. Magna exercitation reprehenderit magna aute tempor cupidatat consequat elit dolor adipisicing. Mollit dolor eiusmod sunt ex incididunt cillum quis. Velit duis sit officia eiusmod Lorem aliqua enim laboris do dolor eiusmod. Et mollit incididunt nisi consectetur esse laborum eiusmod pariatur proident Lorem eiusmod et. Culpa deserunt nostrud ad veniam.
            </p>
            <p>
              Sit nulla est ex deserunt exercitation anim occaecat. Nostrud ullamco deserunt aute id consequat veniam incididunt duis in sint irure nisi. Mollit officia cillum Lorem ullamco minim nostrud elit officia tempor esse quis.
            </p>
            <p>
              Sunt ad dolore quis aute consequat. Magna exercitation reprehenderit magna aute tempor cupidatat consequat elit dolor adipisicing. Mollit dolor eiusmod sunt ex incididunt cillum quis. Velit duis sit officia eiusmod Lorem aliqua enim laboris do dolor eiusmod. Et mollit incididunt nisi consectetur esse laborum eiusmod pariatur proident Lorem eiusmod et. Culpa deserunt nostrud ad veniam.
            </p>
          </article>
        </div>
      </div>
    </div>
  </div>
</div>
`;
